2026-08-18 08:53:27 - #----------Config info----------#
2026-08-18 08:53:27 - network: lbunet,
2026-08-18 08:53:27 - model_config: {'num_classes': 1, 'input_channels': 3, 'c_list': [8, 16, 24, 32, 48, 64], 'bridge': True, 'gt_ds': True},
2026-08-18 08:53:27 - datasets: isic18,
2026-08-18 08:53:27 - data_path: ./data/isic2018/,
2026-08-18 08:53:27 - criterion: GT_BceDiceLoss(
  (bcedice): BceDiceLoss(
    (bce): BCELoss(
      (bceloss): BCELoss()
    )
    (dice): DiceLoss()
  )
  (bcedice2): BceDiceLoss(
    (bce): BCELoss(
      (bceloss): BCELoss()
    )
    (dice): DiceLoss()
  )
),
2026-08-18 08:53:27 - pretrained_path: ./pre_trained/,
2026-08-18 08:53:27 - num_classes: 1,
2026-08-18 08:53:27 - input_size_h: 256,
2026-08-18 08:53:27 - input_size_w: 256,
2026-08-18 08:53:27 - input_channels: 3,
2026-08-18 08:53:27 - distributed: False,
2026-08-18 08:53:27 - local_rank: -1,
2026-08-18 08:53:27 - num_workers: 2,
2026-08-18 08:53:27 - seed: 42,
2026-08-18 08:53:27 - world_size: None,
2026-08-18 08:53:27 - rank: None,
2026-08-18 08:53:27 - amp: False,
2026-08-18 08:53:27 - gpu_id: 0,
2026-08-18 08:53:27 - batch_size: 8,
2026-08-18 08:53:27 - epochs: 300,
2026-08-18 08:53:27 - work_dir: results/lbunet_isic18_Tuesday_18_August_2026_08h_53m_27s/,
2026-08-18 08:53:27 - print_interval: 20,
2026-08-18 08:53:27 - val_interval: 15,
2026-08-18 08:53:27 - save_interval: 5,
2026-08-18 08:53:27 - threshold: 0.5,
2026-08-18 08:53:27 - train_transformer: Compose(
    <utils.myNormalize object at 0x0000013F32C42420>
    <utils.myToTensor object at 0x0000013F32C42450>
    <utils.myRandomHorizontalFlip object at 0x0000013F32C42480>
    <utils.myRandomVerticalFlip object at 0x0000013F32C424B0>
    <utils.myRandomRotation object at 0x0000013F32C424E0>
    <utils.myResize object at 0x0000013F32C42510>
),
2026-08-18 08:53:27 - test_transformer: Compose(
    <utils.myNormalize object at 0x0000013F32C425A0>
    <utils.myToTensor object at 0x0000013F32C425D0>
    <utils.myResize object at 0x0000013F32C42600>
),
2026-08-18 08:53:27 - opt: AdamW,
2026-08-18 08:53:27 - lr: 0.001,
2026-08-18 08:53:27 - betas: (0.9, 0.999),
2026-08-18 08:53:27 - eps: 1e-08,
2026-08-18 08:53:27 - weight_decay: 0.01,
2026-08-18 08:53:27 - amsgrad: False,
2026-08-18 08:53:27 - sch: CosineAnnealingLR,
2026-08-18 08:53:27 - T_max: 50,
2026-08-18 08:53:27 - eta_min: 1e-05,
2026-08-18 08:53:27 - last_epoch: -1,
2026-08-18 08:53:40 - train: epoch 1, iter:0, loss: 5.9949, lr: 0.001
2026-08-18 08:53:43 - train: epoch 1, iter:20, loss: 4.2765, lr: 0.001
2026-08-18 08:53:47 - train: epoch 1, iter:40, loss: 3.8229, lr: 0.001
2026-08-18 08:53:50 - train: epoch 1, iter:60, loss: 3.5848, lr: 0.001
2026-08-18 08:53:54 - train: epoch 1, iter:80, loss: 3.3578, lr: 0.001
2026-08-18 08:53:57 - train: epoch 1, iter:100, loss: 3.1609, lr: 0.001
2026-08-18 08:54:01 - train: epoch 1, iter:120, loss: 3.0315, lr: 0.001
2026-08-18 08:54:04 - train: epoch 1, iter:140, loss: 2.9385, lr: 0.001
2026-08-18 08:54:07 - train: epoch 1, iter:160, loss: 2.8588, lr: 0.001
2026-08-18 08:54:11 - train: epoch 1, iter:180, loss: 2.7840, lr: 0.001
2026-08-18 08:54:14 - train: epoch 1, iter:200, loss: 2.7282, lr: 0.001
2026-08-18 08:54:18 - train: epoch 1, iter:220, loss: 2.6960, lr: 0.001
2026-08-18 08:54:53 - val epoch: 1, loss: nan, miou: 0.7184643296125965, f1_or_dsc: 0.8065995135237378
2026-08-18 08:55:05 - train: epoch 2, iter:0, loss: 1.7931, lr: 0.0009990232305719944
2026-08-18 08:55:06 - train: epoch 2, iter:20, loss: 2.0573, lr: 0.0009990232305719944
2026-08-18 08:55:08 - train: epoch 2, iter:40, loss: 2.0529, lr: 0.0009990232305719944
2026-08-18 08:55:09 - train: epoch 2, iter:60, loss: 2.0921, lr: 0.0009990232305719944
2026-08-18 08:55:10 - train: epoch 2, iter:80, loss: 2.0445, lr: 0.0009990232305719944
2026-08-18 08:55:11 - train: epoch 2, iter:100, loss: 2.0232, lr: 0.0009990232305719944
2026-08-18 08:55:12 - train: epoch 2, iter:120, loss: 2.0119, lr: 0.0009990232305719944
2026-08-18 08:55:14 - train: epoch 2, iter:140, loss: 1.9941, lr: 0.0009990232305719944
2026-08-18 08:55:15 - train: epoch 2, iter:160, loss: 1.9847, lr: 0.0009990232305719944
2026-08-18 08:55:16 - train: epoch 2, iter:180, loss: 1.9600, lr: 0.0009990232305719944
2026-08-18 08:55:17 - train: epoch 2, iter:200, loss: 1.9372, lr: 0.0009990232305719944
2026-08-18 08:55:18 - train: epoch 2, iter:220, loss: 1.9256, lr: 0.0009990232305719944
2026-08-18 08:55:51 - val epoch: 2, loss: nan, miou: 0.7482894203121021, f1_or_dsc: 0.8421177798220691
2026-08-18 08:56:04 - train: epoch 3, iter:0, loss: 1.5080, lr: 0.0009960967771506664
2026-08-18 08:56:05 - train: epoch 3, iter:20, loss: 1.6303, lr: 0.0009960967771506664
2026-08-18 08:56:06 - train: epoch 3, iter:40, loss: 1.6818, lr: 0.0009960967771506664
2026-08-18 08:56:07 - train: epoch 3, iter:60, loss: 1.7299, lr: 0.0009960967771506664
2026-08-18 08:56:08 - train: epoch 3, iter:80, loss: 1.7826, lr: 0.0009960967771506664
2026-08-18 08:56:10 - train: epoch 3, iter:100, loss: 1.7783, lr: 0.0009960967771506664
2026-08-18 08:56:11 - train: epoch 3, iter:120, loss: 1.7752, lr: 0.0009960967771506664
2026-08-18 08:56:12 - train: epoch 3, iter:140, loss: 1.7397, lr: 0.0009960967771506664
2026-08-18 08:56:13 - train: epoch 3, iter:160, loss: 1.7504, lr: 0.0009960967771506664
2026-08-18 08:56:14 - train: epoch 3, iter:180, loss: 1.7258, lr: 0.0009960967771506664
2026-08-18 08:56:15 - train: epoch 3, iter:200, loss: 1.7205, lr: 0.0009960967771506664
2026-08-18 08:56:17 - train: epoch 3, iter:220, loss: 1.7079, lr: 0.0009960967771506664
2026-08-18 08:56:49 - val epoch: 3, loss: nan, miou: 0.7578353782807955, f1_or_dsc: 0.8477223644830388
2026-08-18 08:57:02 - train: epoch 4, iter:0, loss: 1.2840, lr: 0.0009912321891107007
2026-08-18 08:57:03 - train: epoch 4, iter:20, loss: 1.5748, lr: 0.0009912321891107007
2026-08-18 08:57:04 - train: epoch 4, iter:40, loss: 1.6043, lr: 0.0009912321891107007
2026-08-18 08:57:05 - train: epoch 4, iter:60, loss: 1.5645, lr: 0.0009912321891107007
2026-08-18 08:57:07 - train: epoch 4, iter:80, loss: 1.5625, lr: 0.0009912321891107007
2026-08-18 08:57:08 - train: epoch 4, iter:100, loss: 1.5676, lr: 0.0009912321891107007
2026-08-18 08:57:09 - train: epoch 4, iter:120, loss: 1.5647, lr: 0.0009912321891107007
2026-08-18 08:57:10 - train: epoch 4, iter:140, loss: 1.5693, lr: 0.0009912321891107007
2026-08-18 08:57:11 - train: epoch 4, iter:160, loss: 1.5745, lr: 0.0009912321891107007
2026-08-18 08:57:13 - train: epoch 4, iter:180, loss: 1.5838, lr: 0.0009912321891107007
2026-08-18 08:57:14 - train: epoch 4, iter:200, loss: 1.5846, lr: 0.0009912321891107007
2026-08-18 08:57:15 - train: epoch 4, iter:220, loss: 1.5938, lr: 0.0009912321891107007
2026-08-18 08:58:05 - val epoch: 4, loss: nan, miou: 0.7492353527661937, f1_or_dsc: 0.8399889991372906
2026-08-18 08:58:18 - train: epoch 5, iter:0, loss: 1.3501, lr: 0.0009844486647586721
2026-08-18 08:58:19 - train: epoch 5, iter:20, loss: 1.5392, lr: 0.0009844486647586721
2026-08-18 08:58:20 - train: epoch 5, iter:40, loss: 1.5030, lr: 0.0009844486647586721
2026-08-18 08:58:21 - train: epoch 5, iter:60, loss: 1.5290, lr: 0.0009844486647586721
2026-08-18 08:58:23 - train: epoch 5, iter:80, loss: 1.5394, lr: 0.0009844486647586721
2026-08-18 08:58:24 - train: epoch 5, iter:100, loss: 1.5123, lr: 0.0009844486647586721
2026-08-18 08:58:25 - train: epoch 5, iter:120, loss: 1.4908, lr: 0.0009844486647586721
2026-08-18 08:58:29 - train: epoch 5, iter:140, loss: 1.5173, lr: 0.0009844486647586721
2026-08-18 08:58:35 - train: epoch 5, iter:160, loss: 1.5091, lr: 0.0009844486647586721
2026-08-18 08:58:41 - train: epoch 5, iter:180, loss: 1.5277, lr: 0.0009844486647586721
2026-08-18 08:58:47 - train: epoch 5, iter:200, loss: 1.5284, lr: 0.0009844486647586721
2026-08-18 08:58:53 - train: epoch 5, iter:220, loss: 1.5278, lr: 0.0009844486647586721
2026-08-18 09:00:41 - val epoch: 5, loss: nan, miou: 0.7760854642607264, f1_or_dsc: 0.858337752086077
2026-08-18 09:00:55 - train: epoch 6, iter:0, loss: 2.1809, lr: 0.0009757729755661009
2026-08-18 09:00:56 - train: epoch 6, iter:20, loss: 1.5621, lr: 0.0009757729755661009
2026-08-18 09:00:57 - train: epoch 6, iter:40, loss: 1.5025, lr: 0.0009757729755661009
2026-08-18 09:00:59 - train: epoch 6, iter:60, loss: 1.4679, lr: 0.0009757729755661009
2026-08-18 09:01:00 - train: epoch 6, iter:80, loss: 1.4672, lr: 0.0009757729755661009
2026-08-18 09:01:01 - train: epoch 6, iter:100, loss: 1.4682, lr: 0.0009757729755661009
2026-08-18 09:01:02 - train: epoch 6, iter:120, loss: 1.4855, lr: 0.0009757729755661009
2026-08-18 09:01:03 - train: epoch 6, iter:140, loss: 1.4922, lr: 0.0009757729755661009
2026-08-18 09:01:04 - train: epoch 6, iter:160, loss: 1.4856, lr: 0.0009757729755661009
2026-08-18 09:01:06 - train: epoch 6, iter:180, loss: 1.4651, lr: 0.0009757729755661009
2026-08-18 09:01:07 - train: epoch 6, iter:200, loss: 1.4681, lr: 0.0009757729755661009
2026-08-18 09:01:08 - train: epoch 6, iter:220, loss: 1.4710, lr: 0.0009757729755661009
2026-08-18 09:01:42 - val epoch: 6, loss: nan, miou: 0.7642545743929919, f1_or_dsc: 0.8498449616777825
2026-08-18 09:01:56 - train: epoch 7, iter:0, loss: 1.2771, lr: 0.0009652393605146842
2026-08-18 09:01:58 - train: epoch 7, iter:20, loss: 1.5424, lr: 0.0009652393605146842
2026-08-18 09:01:59 - train: epoch 7, iter:40, loss: 1.5085, lr: 0.0009652393605146842
2026-08-18 09:02:00 - train: epoch 7, iter:60, loss: 1.5335, lr: 0.0009652393605146842
2026-08-18 09:02:01 - train: epoch 7, iter:80, loss: 1.4963, lr: 0.0009652393605146842
2026-08-18 09:02:03 - train: epoch 7, iter:100, loss: 1.4958, lr: 0.0009652393605146842
2026-08-18 09:02:04 - train: epoch 7, iter:120, loss: 1.4711, lr: 0.0009652393605146842
2026-08-18 09:02:05 - train: epoch 7, iter:140, loss: 1.4529, lr: 0.0009652393605146842
2026-08-18 09:02:06 - train: epoch 7, iter:160, loss: 1.4551, lr: 0.0009652393605146842
2026-08-18 09:02:08 - train: epoch 7, iter:180, loss: 1.4450, lr: 0.0009652393605146842
2026-08-18 09:02:09 - train: epoch 7, iter:200, loss: 1.4174, lr: 0.0009652393605146842
2026-08-18 09:02:10 - train: epoch 7, iter:220, loss: 1.4107, lr: 0.0009652393605146842
2026-08-18 09:02:43 - val epoch: 7, loss: nan, miou: 0.7733022827732777, f1_or_dsc: 0.8543227439771268
2026-08-18 09:02:55 - train: epoch 8, iter:0, loss: 1.0089, lr: 0.0009528893909706795
2026-08-18 09:02:57 - train: epoch 8, iter:20, loss: 1.2875, lr: 0.0009528893909706795
2026-08-18 09:02:58 - train: epoch 8, iter:40, loss: 1.3475, lr: 0.0009528893909706795
2026-08-18 09:02:59 - train: epoch 8, iter:60, loss: 1.4464, lr: 0.0009528893909706795
2026-08-18 09:03:00 - train: epoch 8, iter:80, loss: 1.4516, lr: 0.0009528893909706795
2026-08-18 09:03:02 - train: epoch 8, iter:100, loss: 1.4403, lr: 0.0009528893909706795
2026-08-18 09:03:03 - train: epoch 8, iter:120, loss: 1.4424, lr: 0.0009528893909706795
2026-08-18 09:03:04 - train: epoch 8, iter:140, loss: 1.4176, lr: 0.0009528893909706795
2026-08-18 09:03:05 - train: epoch 8, iter:160, loss: 1.4044, lr: 0.0009528893909706795
2026-08-18 09:03:06 - train: epoch 8, iter:180, loss: 1.3972, lr: 0.0009528893909706795
2026-08-18 09:03:08 - train: epoch 8, iter:200, loss: 1.3828, lr: 0.0009528893909706795
2026-08-18 09:03:09 - train: epoch 8, iter:220, loss: 1.3838, lr: 0.0009528893909706795
2026-08-18 09:03:41 - val epoch: 8, loss: nan, miou: 0.7768238132436108, f1_or_dsc: 0.8674304897294303
2026-08-18 09:03:53 - train: epoch 9, iter:0, loss: 0.9640, lr: 0.0009387718066217122
2026-08-18 09:03:55 - train: epoch 9, iter:20, loss: 1.3442, lr: 0.0009387718066217122
2026-08-18 09:03:56 - train: epoch 9, iter:40, loss: 1.3905, lr: 0.0009387718066217122
2026-08-18 09:03:57 - train: epoch 9, iter:60, loss: 1.3648, lr: 0.0009387718066217122
2026-08-18 09:03:58 - train: epoch 9, iter:80, loss: 1.3393, lr: 0.0009387718066217122
2026-08-18 09:03:59 - train: epoch 9, iter:100, loss: 1.3418, lr: 0.0009387718066217122
2026-08-18 09:04:00 - train: epoch 9, iter:120, loss: 1.3339, lr: 0.0009387718066217122
2026-08-18 09:04:02 - train: epoch 9, iter:140, loss: 1.3439, lr: 0.0009387718066217122
2026-08-18 09:04:03 - train: epoch 9, iter:160, loss: 1.3623, lr: 0.0009387718066217122
2026-08-18 09:04:04 - train: epoch 9, iter:180, loss: 1.3502, lr: 0.0009387718066217122
2026-08-18 09:04:05 - train: epoch 9, iter:200, loss: 1.3485, lr: 0.0009387718066217122
2026-08-18 09:04:06 - train: epoch 9, iter:220, loss: 1.3452, lr: 0.0009387718066217122
2026-08-18 09:05:31 - val epoch: 9, loss: nan, miou: 0.7608959539354476, f1_or_dsc: 0.8618305795580596
2026-08-18 09:06:01 - train: epoch 10, iter:0, loss: 2.1391, lr: 0.0009229423231234972
2026-08-18 09:06:08 - train: epoch 10, iter:20, loss: 1.2656, lr: 0.0009229423231234972
2026-08-18 09:06:14 - train: epoch 10, iter:40, loss: 1.4042, lr: 0.0009229423231234972
2026-08-18 09:06:20 - train: epoch 10, iter:60, loss: 1.3448, lr: 0.0009229423231234972
2026-08-18 09:06:26 - train: epoch 10, iter:80, loss: 1.3560, lr: 0.0009229423231234972
2026-08-18 09:06:32 - train: epoch 10, iter:100, loss: 1.3634, lr: 0.0009229423231234972
2026-08-18 09:06:39 - train: epoch 10, iter:120, loss: 1.3486, lr: 0.0009229423231234972
2026-08-18 09:06:45 - train: epoch 10, iter:140, loss: 1.3360, lr: 0.0009229423231234972
2026-08-18 09:06:51 - train: epoch 10, iter:160, loss: 1.3341, lr: 0.0009229423231234972
2026-08-18 09:06:57 - train: epoch 10, iter:180, loss: 1.3322, lr: 0.0009229423231234972
2026-08-18 09:07:03 - train: epoch 10, iter:200, loss: 1.3219, lr: 0.0009229423231234972
2026-08-18 09:07:10 - train: epoch 10, iter:220, loss: 1.3229, lr: 0.0009229423231234972
2026-08-18 09:07:56 - val epoch: 10, loss: nan, miou: 0.7676672196107786, f1_or_dsc: 0.8672895284156399
2026-08-18 09:08:28 - train: epoch 11, iter:0, loss: 1.5626, lr: 0.0009054634122155987
2026-08-18 09:08:35 - train: epoch 11, iter:20, loss: 1.3146, lr: 0.0009054634122155987
2026-08-18 09:08:41 - train: epoch 11, iter:40, loss: 1.3486, lr: 0.0009054634122155987
2026-08-18 09:08:48 - train: epoch 11, iter:60, loss: 1.3170, lr: 0.0009054634122155987
2026-08-18 09:08:53 - train: epoch 11, iter:80, loss: 1.3204, lr: 0.0009054634122155987
2026-08-18 09:08:54 - train: epoch 11, iter:100, loss: 1.3183, lr: 0.0009054634122155987
2026-08-18 09:08:55 - train: epoch 11, iter:120, loss: 1.3197, lr: 0.0009054634122155987
2026-08-18 09:08:56 - train: epoch 11, iter:140, loss: 1.3106, lr: 0.0009054634122155987
2026-08-18 09:08:59 - train: epoch 11, iter:160, loss: 1.2947, lr: 0.0009054634122155987
2026-08-18 09:09:05 - train: epoch 11, iter:180, loss: 1.2961, lr: 0.0009054634122155987
2026-08-18 09:09:12 - train: epoch 11, iter:200, loss: 1.3041, lr: 0.0009054634122155987
2026-08-18 09:09:18 - train: epoch 11, iter:220, loss: 1.3121, lr: 0.0009054634122155987
2026-08-18 09:11:17 - val epoch: 11, loss: nan, miou: 0.7600643201688477, f1_or_dsc: 0.8596971195957641
2026-08-18 09:11:45 - train: epoch 12, iter:0, loss: 1.1410, lr: 0.0008864040551740153
2026-08-18 09:11:51 - train: epoch 12, iter:20, loss: 1.2835, lr: 0.0008864040551740153
2026-08-18 09:11:57 - train: epoch 12, iter:40, loss: 1.2927, lr: 0.0008864040551740153
2026-08-18 09:12:03 - train: epoch 12, iter:60, loss: 1.3327, lr: 0.0008864040551740153
2026-08-18 09:12:10 - train: epoch 12, iter:80, loss: 1.3277, lr: 0.0008864040551740153
2026-08-18 09:12:16 - train: epoch 12, iter:100, loss: 1.3553, lr: 0.0008864040551740153
2026-08-18 09:12:22 - train: epoch 12, iter:120, loss: 1.3480, lr: 0.0008864040551740153
2026-08-18 09:12:28 - train: epoch 12, iter:140, loss: 1.3329, lr: 0.0008864040551740153
2026-08-18 09:12:34 - train: epoch 12, iter:160, loss: 1.3138, lr: 0.0008864040551740153
2026-08-18 09:12:40 - train: epoch 12, iter:180, loss: 1.3085, lr: 0.0008864040551740153
2026-08-18 09:12:47 - train: epoch 12, iter:200, loss: 1.3102, lr: 0.0008864040551740153
2026-08-18 09:12:53 - train: epoch 12, iter:220, loss: 1.3005, lr: 0.0008864040551740153
2026-08-18 09:13:55 - val epoch: 12, loss: nan, miou: 0.7795071361325676, f1_or_dsc: 0.8695814403111264
2026-08-18 09:14:26 - train: epoch 13, iter:0, loss: 1.6486, lr: 0.0008658394705735984
2026-08-18 09:14:32 - train: epoch 13, iter:20, loss: 1.2929, lr: 0.0008658394705735984
2026-08-18 09:14:39 - train: epoch 13, iter:40, loss: 1.2384, lr: 0.0008658394705735984
2026-08-18 09:14:45 - train: epoch 13, iter:60, loss: 1.2005, lr: 0.0008658394705735984
2026-08-18 09:14:51 - train: epoch 13, iter:80, loss: 1.2137, lr: 0.0008658394705735984
2026-08-18 09:14:57 - train: epoch 13, iter:100, loss: 1.2294, lr: 0.0008658394705735984
2026-08-18 09:15:03 - train: epoch 13, iter:120, loss: 1.2573, lr: 0.0008658394705735984
2026-08-18 09:15:09 - train: epoch 13, iter:140, loss: 1.2565, lr: 0.0008658394705735984
2026-08-18 09:15:15 - train: epoch 13, iter:160, loss: 1.2537, lr: 0.0008658394705735984
2026-08-18 09:15:21 - train: epoch 13, iter:180, loss: 1.2595, lr: 0.0008658394705735984
2026-08-18 09:15:27 - train: epoch 13, iter:200, loss: 1.2657, lr: 0.0008658394705735984
2026-08-18 09:15:33 - train: epoch 13, iter:220, loss: 1.2685, lr: 0.0008658394705735984
